Java HotSpot(TM) 64-Bit Server VM (25.191-b12) for windows-amd64 JRE (1.8.0_191-b12), built on Oct  6 2018 09:29:03 by "java_re" with MS VC++ 10.0 (VS2010)
Memory: 4k page, physical 16702828k(8722676k free), swap 21938336k(13119528k free)
CommandLine flags: -XX:-BytecodeVerificationLocal -XX:-BytecodeVerificationRemote -XX:InitialHeapSize=267245248 -XX:+ManagementServer -XX:MaxHeapSize=4275923968 -XX:+PrintGC -XX:+PrintGCDetails -XX:+PrintGCTimeStamps -XX:TieredStopAtLevel=1 -XX:+UseCompressedClassPointers -XX:+UseCompressedOops -XX:-UseLargePagesIndividualAllocation -XX:+UseParallelGC 
2.870: [GC (GCLocker Initiated GC) [PSYoungGen: 65536K->7539K(76288K)] 65567K->7586K(251392K), 0.0118242 secs] [Times: user=0.00 sys=0.01, real=0.01 secs] 
3.615: [GC (Metadata GC Threshold) [PSYoungGen: 72933K->10513K(76288K)] 72980K->10568K(251392K), 0.0146670 secs] [Times: user=0.00 sys=0.02, real=0.01 secs] 
3.629: [Full GC (Metadata GC Threshold) [PSYoungGen: 10513K->0K(76288K)] [ParOldGen: 55K->10061K(121344K)] 10568K->10061K(197632K), [Metaspace: 20533K->20531K(1067008K)], 0.0935404 secs] [Times: user=0.08 sys=0.05, real=0.09 secs] 
5.620: [GC (Allocation Failure) [PSYoungGen: 65536K->6519K(76288K)] 75603K->16594K(197632K), 0.0069087 secs] [Times: user=0.00 sys=0.01, real=0.01 secs] 
6.809: [GC (Allocation Failure) [PSYoungGen: 72055K->9361K(93184K)] 82130K->19445K(214528K), 0.0136617 secs] [Times: user=0.05 sys=0.00, real=0.01 secs] 
39.037: [GC (Allocation Failure) [PSYoungGen: 91793K->10720K(93184K)] 101877K->79704K(214528K), 0.1962979 secs] [Times: user=0.70 sys=0.03, real=0.20 secs] 
81.310: [GC (Allocation Failure) [PSYoungGen: 93152K->52724K(120832K)] 162136K->161452K(242176K), 0.2656948 secs] [Times: user=0.98 sys=0.03, real=0.27 secs] 
81.576: [Full GC (Ergonomics) [PSYoungGen: 52724K->33754K(120832K)] [ParOldGen: 108728K->121122K(366080K)] 161452K->154876K(486912K), [Metaspace: 30261K->30261K(1077248K)], 1.6232370 secs] [Times: user=6.14 sys=0.02, real=1.62 secs] 
117.256: [GC (Allocation Failure) [PSYoungGen: 101850K->88064K(156160K)] 222972K->222570K(522240K), 0.2478032 secs] [Times: user=0.98 sys=0.02, real=0.25 secs] 
152.566: [GC (Allocation Failure) [PSYoungGen: 156160K->115200K(159744K)] 290666K->290538K(525824K), 0.3152589 secs] [Times: user=1.14 sys=0.05, real=0.32 secs] 
175.919: [GC (Allocation Failure) [PSYoungGen: 159744K->125920K(200704K)] 335082K->335162K(566784K), 0.2634624 secs] [Times: user=1.05 sys=0.00, real=0.26 secs] 
198.221: [GC (Allocation Failure) [PSYoungGen: 170464K->170400K(197120K)] 379706K->379650K(563200K), 0.3949951 secs] [Times: user=1.52 sys=0.03, real=0.39 secs] 
211.639: [GC (Allocation Failure) [PSYoungGen: 193952K->193952K(225792K)] 403202K->403202K(591872K), 0.4081778 secs] [Times: user=1.55 sys=0.00, real=0.41 secs] 
224.068: [GC (Allocation Failure) [PSYoungGen: 217504K->217536K(233984K)] 426754K->426786K(600064K), 0.4912829 secs] [Times: user=1.83 sys=0.06, real=0.49 secs] 
224.559: [GC (Allocation Failure) [PSYoungGen: 218048K->172736K(263168K)] 427298K->427450K(629248K), 0.5178066 secs] [Times: user=2.00 sys=0.00, real=0.52 secs] 
225.078: [GC (Allocation Failure) [PSYoungGen: 173247K->92640K(249344K)] 427962K->428154K(615424K), 0.5681696 secs] [Times: user=1.94 sys=0.05, real=0.57 secs] 
225.646: [Full GC (Ergonomics) [PSYoungGen: 92640K->61325K(249344K)] [ParOldGen: 335514K->365833K(648192K)] 428154K->427159K(897536K), [Metaspace: 30262K->30262K(1077248K)], 7.1609033 secs] [Times: user=23.36 sys=0.20, real=7.16 secs] 
233.809: [GC (Allocation Failure) [PSYoungGen: 62349K->1088K(264192K)] 428183K->428465K(912384K), 0.2777783 secs] [Times: user=1.03 sys=0.06, real=0.28 secs] 
234.088: [GC (Allocation Failure) [PSYoungGen: 2112K->2112K(264192K)] 429489K->429489K(912384K), 0.0102271 secs] [Times: user=0.06 sys=0.00, real=0.01 secs] 
235.100: [GC (Allocation Failure) [PSYoungGen: 4160K->3136K(5632K)] 431537K->431545K(653824K), 0.0148102 secs] [Times: user=0.06 sys=0.00, real=0.02 secs] 
236.116: [GC (Allocation Failure) [PSYoungGen: 5184K->2112K(251904K)] 433593K->433601K(900096K), 0.0174912 secs] [Times: user=0.06 sys=0.00, real=0.02 secs] 
238.137: [GC (Allocation Failure) [PSYoungGen: 5184K->3168K(6656K)] 436673K->436721K(654848K), 0.0175545 secs] [Times: user=0.05 sys=0.00, real=0.02 secs] 
239.157: [GC (Allocation Failure) [PSYoungGen: 6240K->3136K(235520K)] 439793K->439777K(883712K), 0.0206968 secs] [Times: user=0.13 sys=0.00, real=0.02 secs] 
242.183: [GC (Allocation Failure) [PSYoungGen: 7744K->4704K(9728K)] 444385K->444425K(657920K), 0.0259290 secs] [Times: user=0.13 sys=0.00, real=0.02 secs] 
244.213: [GC (Allocation Failure) [PSYoungGen: 9312K->4672K(217088K)] 449033K->449033K(865280K), 0.0304069 secs] [Times: user=0.13 sys=0.00, real=0.03 secs] 
247.250: [GC (Allocation Failure) [PSYoungGen: 11328K->6720K(13824K)] 455689K->455713K(662016K), 0.0360923 secs] [Times: user=0.19 sys=0.00, real=0.04 secs] 
251.292: [GC (Allocation Failure) [PSYoungGen: 13376K->6752K(196608K)] 462369K->462433K(844800K), 0.0446008 secs] [Times: user=0.19 sys=0.00, real=0.05 secs] 
255.343: [GC (Allocation Failure) [PSYoungGen: 15456K->8736K(17920K)] 471137K->471097K(666112K), 0.0480531 secs] [Times: user=0.17 sys=0.02, real=0.05 secs] 
260.400: [GC (Allocation Failure) [PSYoungGen: 17440K->8768K(178688K)] 479801K->479865K(826880K), 0.0540982 secs] [Times: user=0.19 sys=0.00, real=0.05 secs] 
265.465: [GC (Allocation Failure) [PSYoungGen: 19520K->10816K(22016K)] 490617K->490649K(670208K), 0.0599046 secs] [Times: user=0.25 sys=0.00, real=0.06 secs] 
271.535: [GC (Allocation Failure) [PSYoungGen: 21568K->10784K(159744K)] 501401K->501409K(807936K), 0.0658557 secs] [Times: user=0.25 sys=0.00, real=0.07 secs] 
277.613: [GC (Allocation Failure) [PSYoungGen: 23584K->23584K(36864K)] 514209K->514217K(685056K), 0.0727182 secs] [Times: user=0.23 sys=0.00, real=0.07 secs] 
284.696: [GC (Allocation Failure) [PSYoungGen: 36384K->36448K(142848K)] 527017K->527089K(791040K), 0.1147852 secs] [Times: user=0.34 sys=0.00, real=0.12 secs] 
291.826: [GC (Allocation Failure) [PSYoungGen: 51296K->51232K(66560K)] 541937K->541881K(714752K), 0.1515644 secs] [Times: user=0.47 sys=0.00, real=0.15 secs] 
299.992: [GC (Allocation Failure) [PSYoungGen: 66080K->66112K(148480K)] 556729K->556761K(796672K), 0.2126534 secs] [Times: user=0.83 sys=0.00, real=0.21 secs] 
307.216: [GC (Allocation Failure) [PSYoungGen: 80448K->80192K(151040K)] 571097K->570841K(799232K), 0.2533602 secs] [Times: user=0.98 sys=0.00, real=0.25 secs] 
315.482: [GC (Allocation Failure) [PSYoungGen: 94528K->94464K(150016K)] 585177K->585113K(798208K), 0.2832340 secs] [Times: user=1.03 sys=0.00, real=0.28 secs] 
318.772: [GC (Allocation Failure) [PSYoungGen: 101120K->101088K(159744K)] 591769K->591737K(807936K), 0.3049055 secs] [Times: user=1.13 sys=0.00, real=0.30 secs] 
322.084: [GC (Allocation Failure) [PSYoungGen: 107744K->84192K(170496K)] 598393K->598473K(818688K), 0.3232316 secs] [Times: user=1.19 sys=0.00, real=0.32 secs] 
326.413: [GC (Allocation Failure) [PSYoungGen: 91360K->63712K(71168K)] 605641K->605729K(719360K), 0.2713710 secs] [Times: user=0.88 sys=0.05, real=0.27 secs] 
330.689: [GC (Allocation Failure) [PSYoungGen: 70880K->41920K(150016K)] 612897K->612977K(798208K), 0.2086680 secs] [Times: user=0.80 sys=0.06, real=0.21 secs] 
334.905: [GC (Allocation Failure) [PSYoungGen: 50624K->29728K(38912K)] 621681K->621745K(687104K), 0.1426011 secs] [Times: user=0.45 sys=0.00, real=0.14 secs] 
340.058: [GC (Allocation Failure) [PSYoungGen: 38432K->24608K(143872K)] 630449K->630489K(792064K), 0.1137183 secs] [Times: user=0.44 sys=0.00, real=0.11 secs] 
340.172: [Full GC (Ergonomics) [PSYoungGen: 24608K->0K(143872K)] [ParOldGen: 605881K->629321K(931328K)] 630489K->629321K(1075200K), [Metaspace: 30262K->30262K(1077248K)], 6.9568818 secs] [Times: user=25.50 sys=0.13, real=6.96 secs] 
352.138: [GC (Allocation Failure) [PSYoungGen: 10240K->10272K(20992K)] 639561K->639593K(952320K), 0.0313128 secs] [Times: user=0.13 sys=0.00, real=0.03 secs] 
357.177: [GC (Allocation Failure) [PSYoungGen: 20512K->20544K(138752K)] 649833K->649865K(1070080K), 0.0617896 secs] [Times: user=0.25 sys=0.00, real=0.06 secs] 
363.252: [GC (Allocation Failure) [PSYoungGen: 32320K->32288K(44544K)] 661641K->661609K(975872K), 0.0963044 secs] [Times: user=0.38 sys=0.00, real=0.10 secs] 
369.359: [GC (Allocation Failure) [PSYoungGen: 44064K->44096K(122368K)] 673385K->673417K(1053696K), 0.1321373 secs] [Times: user=0.56 sys=0.00, real=0.13 secs] 
376.503: [GC (Allocation Failure) [PSYoungGen: 57408K->57376K(130048K)] 686729K->686697K(1061376K), 0.1684075 secs] [Times: user=0.63 sys=0.00, real=0.17 secs] 
383.684: [GC (Allocation Failure) [PSYoungGen: 70688K->70688K(126976K)] 700009K->700009K(1058304K), 0.2089378 secs] [Times: user=0.83 sys=0.00, real=0.21 secs] 
389.903: [GC (Allocation Failure) [PSYoungGen: 82464K->82528K(130048K)] 711785K->711849K(1061376K), 0.2371692 secs] [Times: user=0.89 sys=0.00, real=0.24 secs] 
396.151: [GC (Allocation Failure) [PSYoungGen: 94304K->94240K(128512K)] 723625K->723561K(1059840K), 0.2761642 secs] [Times: user=1.13 sys=0.00, real=0.28 secs] 
398.431: [GC (Allocation Failure) [PSYoungGen: 98336K->98336K(137728K)] 727657K->727657K(1069056K), 0.2886850 secs] [Times: user=1.13 sys=0.00, real=0.29 secs] 
400.722: [GC (Allocation Failure) [PSYoungGen: 102432K->92192K(142336K)] 731753K->731793K(1073664K), 0.3009304 secs] [Times: user=1.14 sys=0.01, real=0.30 secs] 
401.024: [GC (Allocation Failure) [PSYoungGen: 92704K->70656K(71168K)] 732305K->732345K(1002496K), 0.2932784 secs] [Times: user=1.13 sys=0.02, real=0.29 secs] 
402.318: [GC (Allocation Failure) [PSYoungGen: 71168K->46144K(132608K)] 732857K->733009K(1063936K), 0.2066429 secs] [Times: user=0.81 sys=0.00, real=0.21 secs] 
402.525: [GC (Allocation Failure) [PSYoungGen: 47168K->22048K(23552K)] 734033K->734089K(954880K), 0.1432756 secs] [Times: user=0.55 sys=0.00, real=0.14 secs] 
403.670: [GC (Allocation Failure) [PSYoungGen: 23072K->7232K(135680K)] 735113K->735193K(1067008K), 0.0685119 secs] [Times: user=0.31 sys=0.00, real=0.07 secs] 
403.738: [GC (Allocation Failure) [PSYoungGen: 7744K->3104K(136704K)] 735705K->735697K(1068032K), 0.0240049 secs] [Times: user=0.06 sys=0.00, real=0.02 secs] 
403.763: [GC (Allocation Failure) [PSYoungGen: 3616K->2112K(134144K)] 736209K->736241K(1065472K), 0.0119437 secs] [Times: user=0.06 sys=0.00, real=0.01 secs] 
404.776: [GC (Allocation Failure) [PSYoungGen: 3136K->1568K(3072K)] 737265K->737233K(934400K), 0.0107943 secs] [Times: user=0.06 sys=0.00, real=0.01 secs] 
404.787: [GC (Allocation Failure) [PSYoungGen: 2592K->1088K(128000K)] 738257K->738297K(1059328K), 0.0092151 secs] [Times: user=0.00 sys=0.00, real=0.01 secs] 
405.799: [GC (Allocation Failure) [PSYoungGen: 2624K->1600K(3584K)] 739833K->739849K(934912K), 0.0092006 secs] [Times: user=0.00 sys=0.00, real=0.01 secs] 
406.810: [GC (Allocation Failure) [PSYoungGen: 3136K->1568K(118784K)] 741385K->741377K(1050112K), 0.0108594 secs] [Times: user=0.06 sys=0.00, real=0.01 secs] 
407.823: [GC (Allocation Failure) [PSYoungGen: 3616K->2112K(4608K)] 743425K->743465K(935936K), 0.0125373 secs] [Times: user=0.06 sys=0.00, real=0.01 secs] 
408.837: [GC (Allocation Failure) [PSYoungGen: 4160K->2080K(109056K)] 745513K->745497K(1040384K), 0.0143280 secs] [Times: user=0.06 sys=0.00, real=0.01 secs] 
409.853: [GC (Allocation Failure) [PSYoungGen: 4640K->2656K(5632K)] 748057K->748129K(936960K), 0.0156129 secs] [Times: user=0.06 sys=0.00, real=0.02 secs] 
410.871: [GC (Allocation Failure) [PSYoungGen: 5216K->2624K(99328K)] 750689K->750673K(1030656K), 0.0171221 secs] [Times: user=0.06 sys=0.00, real=0.02 secs] 
412.892: [GC (Allocation Failure) [PSYoungGen: 5696K->3104K(6656K)] 753745K->753729K(937984K), 0.0186017 secs] [Times: user=0.13 sys=0.00, real=0.02 secs] 
414.914: [GC (Allocation Failure) [PSYoungGen: 6176K->3136K(89600K)] 756801K->756849K(1020928K), 0.0208816 secs] [Times: user=0.06 sys=0.00, real=0.02 secs] 
416.939: [GC (Allocation Failure) [PSYoungGen: 7232K->4128K(8704K)] 760945K->760929K(940032K), 0.0227638 secs] [Times: user=0.06 sys=0.00, real=0.02 secs] 
418.966: [GC (Allocation Failure) [PSYoungGen: 8224K->4160K(80384K)] 765025K->765081K(1011712K), 0.0262411 secs] [Times: user=0.13 sys=0.00, real=0.03 secs] 
420.998: [GC (Allocation Failure) [PSYoungGen: 9280K->5184K(10752K)] 770201K->770217K(942080K), 0.0291255 secs] [Times: user=0.13 sys=0.00, real=0.03 secs] 
424.032: [GC (Allocation Failure) [PSYoungGen: 10304K->5184K(70656K)] 775337K->775361K(1001984K), 0.0317117 secs] [Times: user=0.13 sys=0.00, real=0.03 secs] 
427.068: [GC (Allocation Failure) [PSYoungGen: 10816K->10816K(16896K)] 780993K->780993K(948224K), 0.0338444 secs] [Times: user=0.13 sys=0.00, real=0.03 secs] 
430.108: [GC (Allocation Failure) [PSYoungGen: 16448K->16448K(63488K)] 786625K->786625K(994816K), 0.0504853 secs] [Times: user=0.19 sys=0.02, real=0.05 secs] 
433.162: [GC (Allocation Failure) [PSYoungGen: 23104K->23072K(67584K)] 793281K->793249K(998912K), 0.0691448 secs] [Times: user=0.25 sys=0.00, real=0.07 secs] 
436.236: [GC (Allocation Failure) [PSYoungGen: 29728K->29728K(67072K)] 799905K->799905K(998400K), 0.0887769 secs] [Times: user=0.38 sys=0.00, real=0.09 secs] 
440.330: [GC (Allocation Failure) [PSYoungGen: 36384K->36384K(68096K)] 806561K->806561K(999424K), 0.1086320 secs] [Times: user=0.34 sys=0.00, real=0.11 secs] 
443.443: [GC (Allocation Failure) [PSYoungGen: 43040K->43008K(67072K)] 813217K->813185K(998400K), 0.1276349 secs] [Times: user=0.50 sys=0.00, real=0.13 secs] 
445.574: [GC (Allocation Failure) [PSYoungGen: 45568K->45600K(72192K)] 815745K->815777K(1003520K), 0.1346998 secs] [Times: user=0.56 sys=0.00, real=0.13 secs] 
446.710: [GC (Allocation Failure) [PSYoungGen: 48160K->43040K(75264K)] 818337K->818361K(1006592K), 0.1412053 secs] [Times: user=0.56 sys=0.00, real=0.14 secs] 
446.852: [GC (Allocation Failure) [PSYoungGen: 44064K->32800K(34304K)] 819385K->819417K(965632K), 0.1279610 secs] [Times: user=0.48 sys=0.02, real=0.13 secs] 
447.982: [GC (Allocation Failure) [PSYoungGen: 33824K->20512K(67584K)] 820441K->820489K(998912K), 0.0963250 secs] [Times: user=0.31 sys=0.00, real=0.10 secs] 
449.080: [GC (Allocation Failure) [PSYoungGen: 22048K->8768K(10752K)] 822025K->822097K(942080K), 0.0663442 secs] [Times: user=0.22 sys=0.03, real=0.07 secs] 
450.147: [GC (Allocation Failure) [PSYoungGen: 10304K->5152K(67584K)] 823633K->823609K(998912K), 0.0312751 secs] [Times: user=0.13 sys=0.00, real=0.03 secs] 
451.180: [GC (Allocation Failure) [PSYoungGen: 7200K->5184K(7680K)] 825657K->825713K(939008K), 0.0237935 secs] [Times: user=0.05 sys=0.00, real=0.02 secs] 
452.206: [GC (Allocation Failure) [PSYoungGen: 7232K->4160K(64000K)] 827761K->827769K(995328K), 0.0221579 secs] [Times: user=0.06 sys=0.00, real=0.02 secs] 
453.231: [GC (Allocation Failure) [PSYoungGen: 6720K->2592K(5632K)] 830329K->830305K(936960K), 0.0213103 secs] [Times: user=0.13 sys=0.00, real=0.02 secs] 
454.255: [GC (Allocation Failure) [PSYoungGen: 5152K->2624K(60416K)] 832865K->832913K(991744K), 0.0172183 secs] [Times: user=0.06 sys=0.00, real=0.02 secs] 
456.277: [GC (Allocation Failure) [PSYoungGen: 5696K->3104K(6656K)] 835985K->835969K(937984K), 0.0184769 secs] [Times: user=0.06 sys=0.00, real=0.02 secs] 
457.296: [GC (Allocation Failure) [PSYoungGen: 6176K->3104K(56320K)] 839041K->839057K(987648K), 0.0199201 secs] [Times: user=0.11 sys=0.01, real=0.02 secs] 
459.321: [GC (Allocation Failure) [PSYoungGen: 7200K->4160K(8704K)] 843153K->843201K(940032K), 0.0226691 secs] [Times: user=0.06 sys=0.00, real=0.02 secs] 
462.366: [GC (Allocation Failure) [PSYoungGen: 8256K->8256K(49664K)] 847297K->847297K(980992K), 0.0256577 secs] [Times: user=0.06 sys=0.00, real=0.03 secs] 
464.397: [GC (Allocation Failure) [PSYoungGen: 12864K->12864K(17920K)] 851905K->851905K(949248K), 0.0394312 secs] [Times: user=0.13 sys=0.00, real=0.04 secs] 
466.441: [GC (Allocation Failure) [PSYoungGen: 17472K->17408K(48640K)] 856513K->856449K(979968K), 0.0530932 secs] [Times: user=0.19 sys=0.00, real=0.05 secs] 
469.501: [GC (Allocation Failure) [PSYoungGen: 22528K->22560K(49664K)] 861569K->861601K(980992K), 0.0674560 secs] [Times: user=0.31 sys=0.00, real=0.07 secs] 
471.571: [GC (Allocation Failure) [PSYoungGen: 27680K->27680K(48640K)] 866721K->866721K(979968K), 0.0844413 secs] [Times: user=0.23 sys=0.00, real=0.09 secs] 
473.659: [GC (Allocation Failure) [PSYoungGen: 31264K->31264K(50688K)] 870305K->870305K(982016K), 0.0924452 secs] [Times: user=0.33 sys=0.00, real=0.09 secs] 
475.755: [GC (Allocation Failure) [PSYoungGen: 34848K->34848K(51200K)] 873889K->873889K(982528K), 0.1031013 secs] [Times: user=0.38 sys=0.00, real=0.10 secs] 
476.860: [GC (Allocation Failure) [PSYoungGen: 35872K->31744K(54272K)] 874913K->874897K(985600K), 0.1055180 secs] [Times: user=0.44 sys=0.00, real=0.11 secs] 
476.966: [GC (Allocation Failure) [PSYoungGen: 32768K->24096K(53248K)] 875921K->875977K(984576K), 0.0994760 secs] [Times: user=0.41 sys=0.00, real=0.10 secs] 
478.068: [GC (Allocation Failure) [PSYoungGen: 25632K->15904K(17920K)] 877513K->877545K(949248K), 0.0752034 secs] [Times: user=0.31 sys=0.00, real=0.08 secs] 
479.145: [GC (Allocation Failure) [PSYoungGen: 17440K->8704K(49664K)] 879081K->879081K(980992K), 0.0518153 secs] [Times: user=0.19 sys=0.00, real=0.05 secs] 
480.199: [GC (Allocation Failure) [PSYoungGen: 10752K->6208K(8704K)] 881129K->881217K(940032K), 0.0326124 secs] [Times: user=0.13 sys=0.00, real=0.03 secs] 
481.234: [GC (Allocation Failure) [PSYoungGen: 8256K->5696K(48640K)] 883265K->883273K(979968K), 0.0253930 secs] [Times: user=0.13 sys=0.00, real=0.03 secs] 
482.261: [GC (Allocation Failure) [PSYoungGen: 8256K->4640K(7680K)] 885833K->885809K(939008K), 0.0253755 secs] [Times: user=0.11 sys=0.02, real=0.03 secs] 
483.289: [GC (Allocation Failure) [PSYoungGen: 7200K->2624K(47104K)] 888369K->888409K(978432K), 0.0228859 secs] [Times: user=0.06 sys=0.00, real=0.02 secs] 
485.315: [GC (Allocation Failure) [PSYoungGen: 5696K->3168K(48128K)] 891481K->891537K(979456K), 0.0181297 secs] [Times: user=0.06 sys=0.00, real=0.02 secs] 
487.337: [GC (Allocation Failure) [PSYoungGen: 6240K->3136K(45056K)] 894609K->894593K(976384K), 0.0196564 secs] [Times: user=0.06 sys=0.00, real=0.02 secs] 
489.360: [GC (Allocation Failure) [PSYoungGen: 7232K->4192K(8704K)] 898689K->898737K(940032K), 0.0227974 secs] [Times: user=0.11 sys=0.01, real=0.02 secs] 
491.387: [GC (Allocation Failure) [PSYoungGen: 8288K->4160K(41984K)] 902833K->902825K(973312K), 0.0283282 secs] [Times: user=0.08 sys=0.02, real=0.03 secs] 
493.419: [GC (Allocation Failure) [PSYoungGen: 8768K->8768K(13824K)] 907433K->907433K(945152K), 0.0283905 secs] [Times: user=0.09 sys=0.00, real=0.03 secs] 
495.450: [GC (Allocation Failure) [PSYoungGen: 13376K->13344K(38400K)] 912041K->912009K(969728K), 0.0421039 secs] [Times: user=0.19 sys=0.00, real=0.04 secs] 
498.496: [GC (Allocation Failure) [PSYoungGen: 18464K->18464K(39936K)] 917129K->917129K(971264K), 0.0549067 secs] [Times: user=0.20 sys=0.00, real=0.06 secs] 
501.556: [GC (Allocation Failure) [PSYoungGen: 23584K->23584K(38912K)] 922249K->922249K(970240K), 0.0698848 secs] [Times: user=0.25 sys=0.00, real=0.07 secs] 
503.631: [GC (Allocation Failure) [PSYoungGen: 27168K->27168K(40960K)] 925833K->925833K(972288K), 0.0807541 secs] [Times: user=0.31 sys=0.00, real=0.08 secs] 
504.714: [GC (Allocation Failure) [PSYoungGen: 30752K->30720K(40960K)] 929417K->929385K(972288K), 0.0915973 secs] [Times: user=0.38 sys=0.00, real=0.09 secs] 
505.807: [GC (Allocation Failure) [PSYoungGen: 31232K->27168K(44544K)] 929897K->929953K(975872K), 0.0926397 secs] [Times: user=0.34 sys=0.00, real=0.09 secs] 
505.900: [GC (Allocation Failure) [PSYoungGen: 27680K->18432K(42496K)] 930465K->930457K(973824K), 0.0807061 secs] [Times: user=0.31 sys=0.00, real=0.08 secs] 
505.981: [GC (Allocation Failure) [PSYoungGen: 19456K->9280K(10752K)] 931481K->931577K(942080K), 0.0578408 secs] [Times: user=0.22 sys=0.00, real=0.06 secs] 
506.039: [Full GC (Ergonomics) [PSYoungGen: 9280K->0K(10752K)] [ParOldGen: 922297K->929721K(1209344K)] 931577K->929721K(1220096K), [Metaspace: 30262K->30262K(1077248K)], 8.2297170 secs] [Times: user=29.11 sys=0.14, real=8.23 secs] 
515.271: [GC (Allocation Failure) [PSYoungGen: 1024K->1088K(43520K)] 930745K->930809K(1252864K), 0.0052994 secs] [Times: user=0.00 sys=0.00, real=0.01 secs] 
516.278: [GC (Allocation Failure) [PSYoungGen: 2624K->2656K(43520K)] 932345K->932377K(1252864K), 0.0094598 secs] [Times: user=0.06 sys=0.00, real=0.01 secs] 
516.439: [GC (Allocation Failure) [PSYoungGen: 4192K->3136K(41472K)] 933913K->933897K(1250816K), 0.0141148 secs] [Times: user=0.00 sys=0.00, real=0.01 secs] 
518.291: [GC (Allocation Failure) [PSYoungGen: 5184K->2112K(4608K)] 935945K->935953K(1213952K), 0.0170998 secs] [Times: user=0.06 sys=0.00, real=0.02 secs] 
519.311: [GC (Allocation Failure) [PSYoungGen: 4160K->2112K(39936K)] 938001K->938025K(1249280K), 0.0137830 secs] [Times: user=0.06 sys=0.00, real=0.01 secs] 
520.327: [GC (Allocation Failure) [PSYoungGen: 4672K->2592K(5632K)] 940585K->940561K(1214976K), 0.0150902 secs] [Times: user=0.06 sys=0.00, real=0.02 secs] 
521.345: [GC (Allocation Failure) [PSYoungGen: 5152K->2592K(36864K)] 943121K->943137K(1246208K), 0.0167552 secs] [Times: user=0.08 sys=0.00, real=0.02 secs] 
523.364: [GC (Allocation Failure) [PSYoungGen: 5664K->3136K(6656K)] 946209K->946257K(1216000K), 0.0182128 secs] [Times: user=0.06 sys=0.00, real=0.02 secs] 
524.383: [GC (Allocation Failure) [PSYoungGen: 6208K->3136K(34816K)] 949329K->949345K(1244160K), 0.0199401 secs] [Times: user=0.06 sys=0.00, real=0.02 secs] 
526.408: [GC (Allocation Failure) [PSYoungGen: 7232K->4192K(8704K)] 953441K->953489K(1218048K), 0.0230716 secs] [Times: user=0.13 sys=0.00, real=0.02 secs] 
529.435: [GC (Allocation Failure) [PSYoungGen: 8288K->4192K(31744K)] 957585K->957601K(1241088K), 0.0258360 secs] [Times: user=0.11 sys=0.02, real=0.03 secs] 
531.464: [GC (Allocation Failure) [PSYoungGen: 8800K->8768K(13824K)] 962209K->962177K(1223168K), 0.0269714 secs] [Times: user=0.11 sys=0.00, real=0.03 secs] 
533.497: [GC (Allocation Failure) [PSYoungGen: 13376K->13376K(32256K)] 966785K->966785K(1241600K), 0.0413013 secs] [Times: user=0.19 sys=0.00, real=0.04 secs] 
536.543: [GC (Allocation Failure) [PSYoungGen: 18496K->18464K(32256K)] 971905K->971873K(1241600K), 0.0558540 secs] [Times: user=0.25 sys=0.00, real=0.06 secs] 
538.603: [GC (Allocation Failure) [PSYoungGen: 23584K->23584K(31232K)] 976993K->976993K(1240576K), 0.0713869 secs] [Times: user=0.26 sys=0.00, real=0.07 secs] 
540.679: [GC (Allocation Failure) [PSYoungGen: 25632K->25664K(34816K)] 979041K->979073K(1244160K), 0.0771519 secs] [Times: user=0.31 sys=0.00, real=0.08 secs] 
541.758: [GC (Allocation Failure) [PSYoungGen: 27712K->27648K(36864K)] 981121K->981057K(1246208K), 0.0833777 secs] [Times: user=0.31 sys=0.00, real=0.08 secs] 
541.842: [GC (Allocation Failure) [PSYoungGen: 28160K->24064K(38912K)] 981569K->981593K(1248256K), 0.0838007 secs] [Times: user=0.38 sys=0.00, real=0.08 secs] 
541.926: [GC (Allocation Failure) [PSYoungGen: 24576K->15392K(36864K)] 982105K->982169K(1246208K), 0.0721556 secs] [Times: user=0.25 sys=0.00, real=0.07 secs] 
543.001: [GC (Allocation Failure) [PSYoungGen: 16416K->6176K(39424K)] 983193K->983217K(1248768K), 0.0499177 secs] [Times: user=0.25 sys=0.00, real=0.05 secs] 
543.051: [GC (Allocation Failure) [PSYoungGen: 7200K->3104K(38400K)] 984241K->984257K(1247744K), 0.0222709 secs] [Times: user=0.06 sys=0.00, real=0.02 secs] 
544.075: [GC (Allocation Failure) [PSYoungGen: 4640K->3648K(5632K)] 985793K->985841K(1214976K), 0.0153775 secs] [Times: user=0.06 sys=0.00, real=0.01 secs] 
545.092: [GC (Allocation Failure) [PSYoungGen: 5184K->3072K(36352K)] 987377K->987321K(1245696K), 0.0168058 secs] [Times: user=0.06 sys=0.00, real=0.02 secs] 
546.110: [GC (Allocation Failure) [PSYoungGen: 5120K->2112K(4608K)] 989369K->989449K(1213952K), 0.0168378 secs] [Times: user=0.08 sys=0.00, real=0.02 secs] 
547.129: [GC (Allocation Failure) [PSYoungGen: 4160K->2112K(34816K)] 991497K->991513K(1244160K), 0.0147214 secs] [Times: user=0.06 sys=0.00, real=0.02 secs] 
548.146: [GC (Allocation Failure) [PSYoungGen: 4672K->2624K(5632K)] 994073K->994089K(1214976K), 0.0151551 secs] [Times: user=0.06 sys=0.00, real=0.02 secs] 
549.163: [GC (Allocation Failure) [PSYoungGen: 5184K->2624K(32256K)] 996649K->996673K(1241600K), 0.0169091 secs] [Times: user=0.06 sys=0.00, real=0.02 secs] 
551.183: [GC (Allocation Failure) [PSYoungGen: 5696K->3136K(6656K)] 999745K->999761K(1216000K), 0.0187760 secs] [Times: user=0.06 sys=0.00, real=0.02 secs] 
553.205: [GC (Allocation Failure) [PSYoungGen: 6208K->3104K(31232K)] 1002833K->1002809K(1240576K), 0.0207826 secs] [Times: user=0.06 sys=0.00, real=0.02 secs] 
553.407: [GC (Heap Dump Initiated GC) [PSYoungGen: 5073K->2016K(6144K)] 1004779K->1004801K(1215488K), 0.0165443 secs] [Times: user=0.08 sys=0.00, real=0.02 secs] 
553.424: [Full GC (Heap Dump Initiated GC) [PSYoungGen: 2016K->0K(6144K)] [ParOldGen: 1002785K->1004107K(1328128K)] 1004801K->1004107K(1334272K), [Metaspace: 30262K->30262K(1077248K)], 4.9216937 secs] [Times: user=18.77 sys=0.05, real=4.92 secs] 
577.527: [GC (Allocation Failure) [PSYoungGen: 4096K->4128K(27648K)] 1008203K->1008235K(1355776K), 0.0147060 secs] [Times: user=0.06 sys=0.00, real=0.02 secs] 
579.544: [GC (Allocation Failure) [PSYoungGen: 8736K->8736K(13824K)] 1012843K->1012843K(1341952K), 0.0284269 secs] [Times: user=0.13 sys=0.00, real=0.03 secs] 
581.577: [GC (Allocation Failure) [PSYoungGen: 13344K->13344K(28160K)] 1017451K->1017451K(1356288K), 0.0406080 secs] [Times: user=0.19 sys=0.00, real=0.04 secs] 
583.621: [GC (Allocation Failure) [PSYoungGen: 17440K->17440K(29184K)] 1021547K->1021547K(1357312K), 0.0538758 secs] [Times: user=0.23 sys=0.00, real=0.05 secs] 
585.678: [GC (Allocation Failure) [PSYoungGen: 21536K->21536K(28672K)] 1025643K->1025643K(1356800K), 0.0653906 secs] [Times: user=0.25 sys=0.00, real=0.07 secs] 
586.746: [GC (Allocation Failure) [PSYoungGen: 23072K->23072K(31744K)] 1027179K->1027179K(1359872K), 0.0692616 secs] [Times: user=0.31 sys=0.00, real=0.07 secs] 
587.816: [GC (Allocation Failure) [PSYoungGen: 24608K->24576K(33792K)] 1028715K->1028683K(1361920K), 0.0756558 secs] [Times: user=0.20 sys=0.00, real=0.08 secs] 
587.892: [GC (Allocation Failure) [PSYoungGen: 25088K->25088K(35328K)] 1029195K->1029195K(1363456K), 0.0764592 secs] [Times: user=0.31 sys=0.00, real=0.08 secs] 
588.970: [GC (Allocation Failure) [PSYoungGen: 25600K->16928K(36352K)] 1029707K->1029755K(1364480K), 0.0762348 secs] [Times: user=0.25 sys=0.00, real=0.08 secs] 
589.047: [GC (Allocation Failure) [PSYoungGen: 17952K->9248K(10752K)] 1030779K->1030811K(1338880K), 0.0533873 secs] [Times: user=0.25 sys=0.00, real=0.05 secs] 
590.102: [GC (Allocation Failure) [PSYoungGen: 10272K->4640K(35328K)] 1031835K->1031843K(1363456K), 0.0321785 secs] [Times: user=0.11 sys=0.02, real=0.03 secs] 
590.135: [GC (Allocation Failure) [PSYoungGen: 6176K->4160K(36352K)] 1033379K->1033427K(1364480K), 0.0193926 secs] [Times: user=0.05 sys=0.00, real=0.02 secs] 
591.157: [GC (Allocation Failure) [PSYoungGen: 5696K->4160K(34304K)] 1034963K->1034963K(1362432K), 0.0194209 secs] [Times: user=0.06 sys=0.00, real=0.02 secs] 
592.179: [GC (Allocation Failure) [PSYoungGen: 6208K->3648K(6144K)] 1037011K->1037019K(1334272K), 0.0198972 secs] [Times: user=0.05 sys=0.00, real=0.02 secs] 
593.201: [GC (Allocation Failure) [PSYoungGen: 5696K->2112K(32768K)] 1039067K->1039075K(1360896K), 0.0188164 secs] [Times: user=0.06 sys=0.01, real=0.02 secs] 
595.225: [GC (Allocation Failure) [PSYoungGen: 4672K->2592K(5632K)] 1041635K->1041603K(1333760K), 0.0224135 secs] [Times: user=0.03 sys=0.00, real=0.02 secs] 
596.250: [GC (Allocation Failure) [PSYoungGen: 5152K->2624K(31232K)] 1044163K->1044211K(1359360K), 0.0177274 secs] [Times: user=0.06 sys=0.00, real=0.02 secs] 
597.270: [GC (Allocation Failure) [PSYoungGen: 5696K->3136K(32256K)] 1047283K->1047307K(1360384K), 0.0187951 secs] [Times: user=0.06 sys=0.00, real=0.02 secs] 
599.291: [GC (Allocation Failure) [PSYoungGen: 6208K->3136K(29184K)] 1050379K->1050395K(1357312K), 0.0195546 secs] [Times: user=0.06 sys=0.00, real=0.02 secs] 
601.314: [GC (Allocation Failure) [PSYoungGen: 7232K->4128K(30720K)] 1054491K->1054475K(1358848K), 0.0262335 secs] [Times: user=0.05 sys=0.00, real=0.03 secs] 
603.343: [GC (Allocation Failure) [PSYoungGen: 8224K->4128K(26624K)] 1058571K->1058595K(1354752K), 0.0260857 secs] [Times: user=0.11 sys=0.00, real=0.03 secs] 
606.376: [GC (Allocation Failure) [PSYoungGen: 8736K->8736K(13824K)] 1063203K->1063203K(1341952K), 0.0606537 secs] [Times: user=0.24 sys=0.00, real=0.06 secs] 
608.442: [GC (Allocation Failure) [PSYoungGen: 13344K->13312K(27136K)] 1067811K->1067779K(1355264K), 0.0409504 secs] [Times: user=0.13 sys=0.00, real=0.04 secs] 
610.486: [GC (Allocation Failure) [PSYoungGen: 17408K->17376K(28160K)] 1071875K->1071843K(1356288K), 0.0613787 secs] [Times: user=0.20 sys=0.00, real=0.06 secs] 
612.551: [GC (Allocation Failure) [PSYoungGen: 21472K->21472K(27648K)] 1075939K->1075939K(1355776K), 0.0884899 secs] [Times: user=0.19 sys=0.00, real=0.09 secs] 
613.643: [GC (Allocation Failure) [PSYoungGen: 23008K->22976K(30720K)] 1077475K->1077443K(1358848K), 0.0852583 secs] [Times: user=0.23 sys=0.00, real=0.08 secs] 
614.730: [GC (Allocation Failure) [PSYoungGen: 24512K->24480K(32768K)] 1078979K->1078947K(1360896K), 0.0752404 secs] [Times: user=0.31 sys=0.00, real=0.08 secs] 
614.806: [GC (Allocation Failure) [PSYoungGen: 24992K->24992K(34304K)] 1079459K->1079459K(1362432K), 0.0783110 secs] [Times: user=0.30 sys=0.00, real=0.08 secs] 
614.885: [GC (Allocation Failure) [PSYoungGen: 25504K->16864K(36352K)] 1079971K->1080035K(1364480K), 0.0862130 secs] [Times: user=0.30 sys=0.02, real=0.09 secs] 
615.973: [GC (Allocation Failure) [PSYoungGen: 17888K->9280K(10752K)] 1081059K->1081139K(1338880K), 0.0553156 secs] [Times: user=0.19 sys=0.00, real=0.06 secs] 
616.029: [GC (Allocation Failure) [PSYoungGen: 10304K->4640K(35328K)] 1082163K->1082155K(1363456K), 0.0342209 secs] [Times: user=0.11 sys=0.00, real=0.03 secs] 
617.065: [GC (Allocation Failure) [PSYoungGen: 6176K->4096K(5632K)] 1083691K->1083667K(1333760K), 0.0200564 secs] [Times: user=0.05 sys=0.00, real=0.02 secs] 
618.086: [GC (Allocation Failure) [PSYoungGen: 5632K->4128K(34304K)] 1085203K->1085243K(1362432K), 0.0178201 secs] [Times: user=0.05 sys=0.00, real=0.02 secs] 
619.105: [GC (Allocation Failure) [PSYoungGen: 6176K->3616K(6144K)] 1087291K->1087299K(1334272K), 0.0208767 secs] [Times: user=0.06 sys=0.00, real=0.02 secs] 
620.129: [GC (Allocation Failure) [PSYoungGen: 5664K->2144K(33280K)] 1089347K->1089427K(1361408K), 0.0189957 secs] [Times: user=0.06 sys=0.00, real=0.02 secs] 
621.151: [GC (Allocation Failure) [PSYoungGen: 4704K->2592K(5632K)] 1091987K->1091939K(1333760K), 0.0157344 secs] [Times: user=0.06 sys=0.00, real=0.02 secs] 
622.168: [GC (Allocation Failure) [PSYoungGen: 5152K->2592K(31232K)] 1094499K->1094507K(1359360K), 0.0172849 secs] [Times: user=0.06 sys=0.00, real=0.02 secs] 
624.189: [GC (Allocation Failure) [PSYoungGen: 5664K->3168K(6656K)] 1097579K->1097651K(1334784K), 0.0185737 secs] [Times: user=0.13 sys=0.00, real=0.02 secs] 
626.211: [GC (Allocation Failure) [PSYoungGen: 6240K->3104K(29696K)] 1100723K->1100675K(1357824K), 0.0201390 secs] [Times: user=0.06 sys=0.00, real=0.02 secs] 
628.234: [GC (Allocation Failure) [PSYoungGen: 7200K->4128K(8704K)] 1104771K->1104787K(1336832K), 0.0233781 secs] [Times: user=0.13 sys=0.00, real=0.02 secs] 
630.262: [GC (Allocation Failure) [PSYoungGen: 8224K->8224K(27648K)] 1108883K->1108883K(1355776K), 0.0266018 secs] [Times: user=0.13 sys=0.00, real=0.03 secs] 
632.293: [GC (Allocation Failure) [PSYoungGen: 12832K->12864K(28672K)] 1113491K->1113523K(1356800K), 0.0394851 secs] [Times: user=0.19 sys=0.00, real=0.04 secs] 
634.336: [GC (Allocation Failure) [PSYoungGen: 17472K->17472K(27648K)] 1118131K->1118131K(1355776K), 0.0529199 secs] [Times: user=0.19 sys=0.00, real=0.05 secs] 
636.393: [GC (Allocation Failure) [PSYoungGen: 20544K->20512K(29696K)] 1121203K->1121171K(1357824K), 0.0630495 secs] [Times: user=0.23 sys=0.00, real=0.06 secs] 
638.459: [GC (Allocation Failure) [PSYoungGen: 23584K->23584K(29696K)] 1124243K->1124243K(1357824K), 0.0722293 secs] [Times: user=0.25 sys=0.00, real=0.07 secs] 
638.532: [GC (Allocation Failure) [PSYoungGen: 24096K->24096K(32768K)] 1124755K->1124755K(1360896K), 0.0726508 secs] [Times: user=0.31 sys=0.00, real=0.07 secs] 
638.605: [GC (Allocation Failure) [PSYoungGen: 24608K->16384K(34816K)] 1125267K->1125267K(1362944K), 0.0770274 secs] [Times: user=0.31 sys=0.00, real=0.08 secs] 
639.684: [GC (Allocation Failure) [PSYoungGen: 17408K->8224K(9728K)] 1126291K->1126355K(1337856K), 0.0681732 secs] [Times: user=0.11 sys=0.01, real=0.07 secs] 
639.753: [GC (Allocation Failure) [PSYoungGen: 9248K->3072K(33280K)] 1127379K->1127363K(1361408K), 0.0302234 secs] [Times: user=0.05 sys=0.00, real=0.03 secs] 
640.785: [GC (Allocation Failure) [PSYoungGen: 4608K->3616K(33792K)] 1128899K->1128947K(1361920K), 0.0156397 secs] [Times: user=0.06 sys=0.00, real=0.02 secs] 
641.803: [GC (Allocation Failure) [PSYoungGen: 5152K->3136K(31744K)] 1130483K->1130531K(1359872K), 0.0173127 secs] [Times: user=0.06 sys=0.00, real=0.02 secs] 
642.823: [GC (Allocation Failure) [PSYoungGen: 5184K->2144K(32768K)] 1132579K->1132611K(1360896K), 0.0191438 secs] [Times: user=0.06 sys=0.00, real=0.02 secs] 
643.848: [GC (Allocation Failure) [PSYoungGen: 4192K->2080K(30720K)] 1134659K->1134595K(1358848K), 0.0386884 secs] [Times: user=0.02 sys=0.00, real=0.04 secs] 
644.893: [GC (Allocation Failure) [PSYoungGen: 4640K->2656K(5632K)] 1137155K->1137235K(1333760K), 0.0163068 secs] [Times: user=0.05 sys=0.00, real=0.02 secs] 
645.913: [GC (Allocation Failure) [PSYoungGen: 5216K->2624K(29184K)] 1139795K->1139779K(1357312K), 0.0177144 secs] [Times: user=0.05 sys=0.00, real=0.02 secs] 
647.934: [GC (Allocation Failure) [PSYoungGen: 5696K->3136K(6656K)] 1142851K->1142867K(1334784K), 0.0183057 secs] [Times: user=0.05 sys=0.00, real=0.02 secs] 
649.957: [GC (Allocation Failure) [PSYoungGen: 6208K->3136K(27648K)] 1145939K->1145947K(1355776K), 0.0217251 secs] [Times: user=0.06 sys=0.00, real=0.02 secs] 
651.982: [GC (Allocation Failure) [PSYoungGen: 7232K->4128K(8704K)] 1150043K->1150019K(1336832K), 0.0231302 secs] [Times: user=0.13 sys=0.00, real=0.02 secs] 
654.009: [GC (Allocation Failure) [PSYoungGen: 8224K->8256K(26624K)] 1154115K->1154147K(1354752K), 0.0262197 secs] [Times: user=0.13 sys=0.00, real=0.03 secs] 
656.039: [GC (Allocation Failure) [PSYoungGen: 12864K->12864K(27136K)] 1158755K->1158755K(1355264K), 0.0400395 secs] [Times: user=0.13 sys=0.00, real=0.04 secs] 
658.084: [GC (Allocation Failure) [PSYoungGen: 17472K->17440K(25600K)] 1163363K->1163331K(1353728K), 0.0523295 secs] [Times: user=0.19 sys=0.00, real=0.05 secs] 
660.141: [GC (Allocation Failure) [PSYoungGen: 20000K->20000K(28160K)] 1165891K->1165891K(1356288K), 0.0600469 secs] [Times: user=0.25 sys=0.00, real=0.06 secs] 
661.203: [GC (Allocation Failure) [PSYoungGen: 22560K->22592K(28672K)] 1168451K->1168483K(1356800K), 0.0689296 secs] [Times: user=0.30 sys=0.02, real=0.07 secs] 
661.272: [GC (Allocation Failure) [PSYoungGen: 23104K->23040K(31232K)] 1168995K->1168931K(1359360K), 0.0776295 secs] [Times: user=0.30 sys=0.00, real=0.08 secs] 
662.352: [GC (Allocation Failure) [PSYoungGen: 23552K->15360K(32768K)] 1169443K->1169475K(1360896K), 0.0699531 secs] [Times: user=0.22 sys=0.00, real=0.07 secs] 
662.423: [GC (Allocation Failure) [PSYoungGen: 16384K->7200K(8704K)] 1170499K->1170563K(1336832K), 0.0504689 secs] [Times: user=0.23 sys=0.02, real=0.05 secs] 
663.475: [GC (Allocation Failure) [PSYoungGen: 8224K->3136K(32256K)] 1171587K->1171643K(1360384K), 0.0270985 secs] [Times: user=0.08 sys=0.00, real=0.03 secs] 
663.503: [GC (Allocation Failure) [PSYoungGen: 4672K->3648K(5632K)] 1173179K->1173187K(1333760K), 0.0174012 secs] [Times: user=0.05 sys=0.00, real=0.02 secs] 
664.523: [GC (Allocation Failure) [PSYoungGen: 5184K->3104K(31232K)] 1174723K->1174699K(1359360K), 0.0183123 secs] [Times: user=0.03 sys=0.00, real=0.02 secs] 
Heap
 PSYoungGen      total 31232K, used 4748K [0x000000076b100000, 0x000000076ed00000, 0x00000007c0000000)
  eden space 2048K, 80% used [0x000000076b100000,0x000000076b29b348,0x000000076b300000)
  from space 29184K, 10% used [0x000000076d080000,0x000000076d388000,0x000000076ed00000)
  to   space 29696K, 0% used [0x000000076b300000,0x000000076b300000,0x000000076d000000)
 ParOldGen       total 1328128K, used 1171595K [0x00000006c1200000, 0x0000000712300000, 0x000000076b100000)
  object space 1328128K, 88% used [0x00000006c1200000,0x0000000708a22c30,0x0000000712300000)
 Metaspace       used 30372K, capacity 32136K, committed 32384K, reserved 1077248K
  class space    used 4121K, capacity 4450K, committed 4480K, reserved 1048576K
